#-----------------------------------------------------------
# Vivado v2020.1 (64-bit)
# SW Build 2902540 on Wed May 27 19:54:49 MDT 2020
# IP Build 2902112 on Wed May 27 22:43:36 MDT 2020
# Start of session at: Tue May  4 18:14:18 2021
# Process ID: 9068
# Current directory: D:/School/HW_security/fpga-power-side-channel-attack/Power_Virus_Test/Power_Virus_Test.runs/single_power_virus_clk_wiz_1_synth_1
# Command line: vivado.exe -log single_power_virus_clk_wiz_1.vds -product Vivado -mode batch -messageDb vivado.pb -notrace -source single_power_virus_clk_wiz_1.tcl
# Log file: D:/School/HW_security/fpga-power-side-channel-attack/Power_Virus_Test/Power_Virus_Test.runs/single_power_virus_clk_wiz_1_synth_1/single_power_virus_clk_wiz_1.vds
# Journal file: D:/School/HW_security/fpga-power-side-channel-attack/Power_Virus_Test/Power_Virus_Test.runs/single_power_virus_clk_wiz_1_synth_1\vivado.jou
#-----------------------------------------------------------
source single_power_virus_clk_wiz_1.tcl -notrace
