#-----------------------------------------------------------
# Webtalk v2020.1 (64-bit)
# SW Build 2902540 on Wed May 27 19:54:49 MDT 2020
# IP Build 2902112 on Wed May 27 22:43:36 MDT 2020
# Start of session at: Tue Apr 27 14:20:01 2021
# Process ID: 3672
# Current directory: D:/Xilinx/Vivado/2020.1_Projects/Ring_Oscillator/Ring_Oscillator.sim/sim_1/synth/timing/xsim
# Command line: wbtcv.exe -mode batch -source D:/Xilinx/Vivado/2020.1_Projects/Ring_Oscillator/Ring_Oscillator.sim/sim_1/synth/timing/xsim/xsim.dir/tb_ring_osc_top_time_synth/webtalk/xsim_webtalk.tcl -notrace
# Log file: D:/Xilinx/Vivado/2020.1_Projects/Ring_Oscillator/Ring_Oscillator.sim/sim_1/synth/timing/xsim/webtalk.log
# Journal file: D:/Xilinx/Vivado/2020.1_Projects/Ring_Oscillator/Ring_Oscillator.sim/sim_1/synth/timing/xsim\webtalk.jou
#-----------------------------------------------------------
source D:/Xilinx/Vivado/2020.1_Projects/Ring_Oscillator/Ring_Oscillator.sim/sim_1/synth/timing/xsim/xsim.dir/tb_ring_osc_top_time_synth/webtalk/xsim_webtalk.tcl -notrace
